  Determining projects to restore...
  All projects are up-to-date for restore.
C:\Users\SHRADDHA\OneDrive\Documents\eportal\eportal-api\Controllers\ServiceRequestsController.cs(53,34): error CS1061: 'ClaimsPrincipal' does not contain a definition for 'FindFirstValue' and no accessible extension method 'FindFirstValue' accepting a first argument of type 'ClaimsPrincipal' could be found (are you missing a using directive or an assembly reference?) [C:\Users\SHRADDHA\OneDrive\Documents\eportal\eportal-api\EPortalApi.csproj]
C:\Users\SHRADDHA\OneDrive\Documents\eportal\eportal-api\Controllers\ServiceRequestsController.cs(68,34): error CS1061: 'ClaimsPrincipal' does not contain a definition for 'FindFirstValue' and no accessible extension method 'FindFirstValue' accepting a first argument of type 'ClaimsPrincipal' could be found (are you missing a using directive or an assembly reference?) [C:\Users\SHRADDHA\OneDrive\Documents\eportal\eportal-api\EPortalApi.csproj]

Build FAILED.

C:\Users\SHRADDHA\OneDrive\Documents\eportal\eportal-api\Controllers\ServiceRequestsController.cs(53,34): error CS1061: 'ClaimsPrincipal' does not contain a definition for 'FindFirstValue' and no accessible extension method 'FindFirstValue' accepting a first argument of type 'ClaimsPrincipal' could be found (are you missing a using directive or an assembly reference?) [C:\Users\SHRADDHA\OneDrive\Documents\eportal\eportal-api\EPortalApi.csproj]
C:\Users\SHRADDHA\OneDrive\Documents\eportal\eportal-api\Controllers\ServiceRequestsController.cs(68,34): error CS1061: 'ClaimsPrincipal' does not contain a definition for 'FindFirstValue' and no accessible extension method 'FindFirstValue' accepting a first argument of type 'ClaimsPrincipal' could be found (are you missing a using directive or an assembly reference?) [C:\Users\SHRADDHA\OneDrive\Documents\eportal\eportal-api\EPortalApi.csproj]
    0 Warning(s)
    2 Error(s)

Time Elapsed 00:00:04.46
